root agent idle; waiting for 2 background task(s) (bounded by --print-timeout)
I have started `cargo test --workspace` in the background and will wait for it to complete.
I am waiting for the workspace tests to complete.
I have launched `sh ci/run-all.sh` in the background and will wait for it to finish.
I am waiting for `sh ci/run-all.sh` to finish.
I will wait for `sh ci/run-all.sh` to complete.
# WI-M8-015 — REVISE round 1 Report

## Finding status

### Finding 1: Negative listener test replacement
- **Status**: Met.
- Replaced `listen_for_transfers_does_not_report_a_connection_that_placed_nothing` in [`crates/tradr-app/tests/listener.rs`](file:///home/prokosna/dev/trader/crates/tradr-app/tests/listener.rs) with `listen_for_transfers_does_not_report_an_offer_with_every_item_declined`, modeled on `selective_item_acceptance_declines_filtered_items`.
- Distinct Root IDs `RootId::new(3000)` and `RootId::new(3001)` were assigned.
- Offer filter set to `|_: &OfferItem| false`.
- Offered a single item; verified `accept.items()[0].accepted()` is false; sender drops control streams and channel without sending any file data.
- `incoming_tx` is dropped when the sender task finishes.
- Recorded vector on `on_arrival` callback verified empty with listener returning `Ok(())`.

#### Mutation proof (negative test teeth)
With the `!placed.is_empty()` guard temporarily removed from `listen_for_transfers` in [`crates/tradr-app/src/listener.rs`](file:///home/prokosna/dev/trader/crates/tradr-app/src/listener.rs) lines 586–588, the callback is invoked with an empty slice, causing the test to fail.

Failing test name:
`listen_for_transfers_does_not_report_an_offer_with_every_item_declined`

Panic output:
```
---- listen_for_transfers_does_not_report_an_offer_with_every_item_declined stdout ----

thread 'listen_for_transfers_does_not_report_an_offer_with_every_item_declined' (668962) panicked at crates/tradr-app/tests/listener.rs:1846:5:
assertion failed: recorded.lock().unwrap().is_empty()
note: run with `RUST_BACKTRACE=1` environment variable to display a backtrace

failures:
    listen_for_transfers_does_not_report_an_offer_with_every_item_declined

test result: FAILED. 10 passed; 1 failed; 0 ignored; 0 measured; 0 filtered out; finished in 0.10s
```
The guard in [`crates/tradr-app/src/listener.rs`](file:///home/prokosna/dev/trader/crates/tradr-app/src/listener.rs) was restored immediately afterwards.

---

### Finding 2: `OAuthConfig` derive attribute removal
- **Status**: Met.
- Removed `#[derive(Debug, Clone, PartialEq, Eq)]` from [`OAuthConfig`](file:///home/prokosna/dev/trader/crates/tradr-app/src/sign_in.rs#L44) in [`crates/tradr-app/src/sign_in.rs`](file:///home/prokosna/dev/trader/crates/tradr-app/src/sign_in.rs). No other lines in that file were modified.

---

### Finding 3: Error context in `run_receive`
- **Status**: Met.
- Updated all four bare `.map_err(|e| e.to_string())` sites in [`crates/tradr-app/src/receive.rs`](file:///home/prokosna/dev/trader/crates/tradr-app/src/receive.rs) to describe the operation that failed:
  1. `transport.local_addr()`: `format!("failed to get quic local address: {e}")`
  2. `std::fs::create_dir_all(&receive_dir)`: `format!("could not create receive directory {}: {e}", receive_dir.display())`
  3. `vfs.register_root(...)`: `format!("could not register receive root {}: {e}", receive_dir.display())`
  4. `transport.listen()`: `format!("failed to listen on quic transport: {e}")`

---

### Finding 4: Redundant `drop(daemon)` removal
- **Status**: Met.
- Removed the redundant `drop(daemon);` statement right before `Ok(())` in [`run_receive`](file:///home/prokosna/dev/trader/crates/tradr-app/src/receive.rs#L126).

---

### Other notes
- Left [`crates/tradr-identity/src/attestation.rs`](file:///home/prokosna/dev/trader/crates/tradr-identity/src/attestation.rs)'s `#[derive(Clone)]` in place as instructed.
- Nothing omitted; no changes outside the four findings.
- No docs, `STATE.md`, commits, or pushes were made.

---

## Gate Outputs

### 1. `cargo fmt --check`
```
$ cargo fmt --check
(clean, exit code 0)
```

### 2. `cargo clippy --workspace --all-targets -- -D warnings`
```
$ cargo clippy --workspace --all-targets -- -D warnings
    Checking tradr-app v0.1.0 (/home/prokosna/dev/trader/crates/tradr-app)
    Checking tauri-plugin-tradr v0.1.0 (/home/prokosna/dev/trader/crates/tauri-plugin-tradr)
    Checking tradr-cli v0.1.0 (/home/prokosna/dev/trader/apps/tradr-cli)
    Checking tradr v0.1.0 (/home/prokosna/dev/trader/apps/tradr/src-tauri)
    Finished `dev` profile [unoptimized + debuginfo] target(s) in 2.63s
```

### 3. `cargo test --workspace`
```
$ cargo test --workspace
...
test result: ok. 28 passed; 0 failed; 0 ignored; 0 measured; 0 filtered out; finished in 0.09s
...
test result: ok. 11 passed; 0 failed; 0 ignored; 0 measured; 0 filtered out; finished in 0.08s
...
test result: ok. 10 passed; 0 failed; 0 ignored; 0 measured; 0 filtered out; finished in 0.00s
...
test result: ok. 4 passed; 0 failed; 0 ignored; 0 measured; 0 filtered out; finished in 0.00s
...
   Doc-tests tradr_vfs
test result: ok. 0 passed; 0 failed; 0 ignored; 0 measured; 0 filtered out; finished in 0.00s
```

### 4. `sh ci/run-all.sh`
```
$ sh ci/run-all.sh
== comment-lang ==
== comment-lang: passed ==
== comment-length ==
== comment-length: passed ==
== doc-visibility ==
== doc-visibility: passed ==
== excuse-grep ==
== excuse-grep: passed ==
== invoke-commands ==
== invoke-commands: passed ==
== layer-deps ==
== layer-deps: passed ==
== plugin-permissions ==
== plugin-permissions: passed ==
== state-sync ==
== state-sync: passed ==
== hooks-executable ==
== hooks-executable: passed ==
== frontend-gate ==

> tradr@ lint /home/prokosna/dev/trader
> pnpm codegen && biome lint --error-on-warnings .


> tradr@ codegen /home/prokosna/dev/trader
> buf generate

Checked 25 files in 28ms. No fixes applied.

> tradr@ typecheck /home/prokosna/dev/trader
> pnpm codegen && tsc --build tsconfig.json


> tradr@ codegen /home/prokosna/dev/trader
> buf generate


> tradr@ format:check /home/prokosna/dev/trader
> biome format .

Checked 24 files in 14ms. No fixes applied.
== frontend-gate: passed ==
== discarded-result ==
== discarded-result: passed ==
== empty-catch ==
== empty-catch: passed ==
== frontend-console ==
== frontend-console: passed ==
```

### 5. `cargo clippy -p tauri-plugin-tradr --target aarch64-linux-android --all-targets -- -D warnings`
```
$ cargo clippy -p tauri-plugin-tradr --target aarch64-linux-android --all-targets -- -D warnings
    Checking tradr-app v0.1.0 (/home/prokosna/dev/trader/crates/tradr-app)
    Checking tauri-plugin-tradr v0.1.0 (/home/prokosna/dev/trader/crates/tauri-plugin-tradr)
    Finished `dev` profile [unoptimized + debuginfo] target(s) in 1.85s
```
