root agent idle; waiting for 1 background task(s) (bounded by --print-timeout)
I have started running `cargo test --workspace` in the background and will inspect the results once it finishes.
The workspace test suite is compiling and running. I will wait for the test run to complete.
I have launched `sh ci/run-all.sh` in the background and am waiting for it to finish.
I have started `cargo test --workspace` and will record the results when it finishes.
### 1. Definition of Done Status

- **Item 1: `OAuthConfig` owns its two values, and one constructor normalises them (DCR-128)** — **MET**
  - In [`crates/tradr-app/src/sign_in.rs`](file:///home/prokosna/dev/trader/crates/tradr-app/src/sign_in.rs): Both fields of [`OAuthConfig`](file:///home/prokosna/dev/trader/crates/tradr-app/src/sign_in.rs#L42-L46) are `Option<String>`. Added `OAuthConfig::new` (normalises values with `.trim()` and maps empty strings to `None`) and `OAuthConfig::from_env` (reading `TRADR_OAUTH_CLIENT_IDS` and `TRADR_OAUTH_CLIENT_SECRET` via private constants defined once). [`provider_profile`](file:///home/prokosna/dev/trader/crates/tradr-app/src/sign_in.rs#L77-L91) passes `oauth.client_ids.as_deref()` and `oauth.client_secret.as_deref()` to `oauth_client`.
  - In [`crates/tauri-plugin-tradr/src/lib.rs`](file:///home/prokosna/dev/trader/crates/tauri-plugin-tradr/src/lib.rs#L77-L80): Replaced the `OAuthConfig` struct literal with `OAuthConfig::new(client_ids.map(str::to_string), client_secret.map(str::to_string))`.

- **Item 2: `listen_for_transfers` reports each arrival (DCR-129)** — **MET**
  - In [`crates/tradr-app/src/listener.rs`](file:///home/prokosna/dev/trader/crates/tradr-app/src/listener.rs#L545-L650):
    - [`listen_for_transfers`](file:///home/prokosna/dev/trader/crates/tradr-app/src/listener.rs#L545-L596) gained `on_arrival: Option<&(dyn Fn(&[RelPath]) + Send + Sync)>` as its last parameter.
    - [`run_listener`](file:///home/prokosna/dev/trader/crates/tradr-app/src/listener.rs#L612-L654) gained `on_arrival: Option<Arc<dyn Fn(&[RelPath]) + Send + Sync>>` as its last parameter and forwards `on_arrival.as_deref()`.
    - In the listener loop, `Ok(placed)` checks `!placed.is_empty()` before calling `cb(&placed)`, with a one-line comment citing DCR-129 explaining why empty placements are not arrivals.
    - Updated callers: [`crates/tauri-plugin-tradr/src/lifecycle.rs`](file:///home/prokosna/dev/trader/crates/tauri-plugin-tradr/src/lifecycle.rs#L113), [`crates/tradr-app/tests/listener.rs`](file:///home/prokosna/dev/trader/crates/tradr-app/tests/listener.rs#L1414), and [`crates/tradr-app/src/receive.rs`](file:///home/prokosna/dev/trader/crates/tradr-app/src/receive.rs).

- **Item 3: `crates/tradr-app/src/receive.rs`, the composition (DCR-123, DCR-126, DCR-129)** — **MET**
  - Declared in [`crates/tradr-app/src/lib.rs`](file:///home/prokosna/dev/trader/crates/tradr-app/src/lib.rs#L18-L19) under `#[cfg(not(target_os = "android"))] pub mod receive;`.
  - Implemented [`run_receive`](file:///home/prokosna/dev/trader/crates/tradr-app/src/receive.rs#L23-L109) with the exact signature specified, performing steps 1 through 11 in order:
    1. Opens device identity via `paths::app_data_dir()`, `identity::platform_ladder()`, and `identity::open_device_identity()`.
    2. Constructs `ProviderProfile` via `sign_in::provider_profile(oauth)`.
    3. Wraps `PeerTrust::new(profile.clone(), Arc::new(HttpsJwksFetch))` in `Arc`.
    4. Loads `LinkRegistry::load(&dir.join("links.json"))` into `Arc<std::sync::Mutex<_>>`, mapping errors with the file path.
    5. Creates `Arc::new(SignInState::empty())`.
    6. Obtains attestation nonce, logs `receive: opening browser for sign-in...`, awaits `obtain_id_token_desktop(&profile, &nonce)`, and completes with `finish_sign_in`.
    7. Binds QUIC transport via `network::bind_quic_transport`, reading the bound port.
    8. Starts `network::mdns_daemon()`, registers TXT advertisement, and logs `receive: listening on quic port {bound_port}` while retaining `daemon` in scope.
    9. Creates receive directory, registers `NativeVfs` with `receive_root_id() -> RootId` (returning `RootId::new(1)` with a one-line comment explaining why).
    10. Creates the verifier closure via immediate invocation of `sign_in::peer_verifier`.
    11. Awaits `transport.listen()` and executes `listener::run_listener`.

- **Item 4: `apps/tradr-cli` gains the command** — **MET**
  - Added `tokio` (`features = ["rt-multi-thread", "macros"]`) and `dirs = "6"` to [`apps/tradr-cli/Cargo.toml`](file:///home/prokosna/dev/trader/apps/tradr-cli/Cargo.toml).
  - Converted `main` to `#[tokio::main] async fn main()` in [`apps/tradr-cli/src/main.rs`](file:///home/prokosna/dev/trader/apps/tradr-cli/src/main.rs#L46).
  - Added `receive` CLI command handling optional directory argument (defaulting to `dirs::download_dir()`), exiting 2 on excess arguments, building `OAuthConfig::from_env()` and stdout `on_arrival` printer, and exiting 1 on failure.
  - Updated `print_usage` to list `receive` beside `device`.

- **Item 5: Tests** — **MET**
  - Added four tests in [`crates/tradr-app/tests/sign_in.rs`](file:///home/prokosna/dev/trader/crates/tradr-app/tests/sign_in.rs#L196-L236):
    - `oauth_config_new_survives_real_value`
    - `oauth_config_new_empty_string_becomes_none`
    - `oauth_config_new_whitespace_only_becomes_none`
    - `oauth_config_new_trims_surrounding_whitespace`
  - Added two tests in [`crates/tradr-app/tests/listener.rs`](file:///home/prokosna/dev/trader/crates/tradr-app/tests/listener.rs#L1538-L1825):
    - `listen_for_transfers_reports_each_placed_path`
    - `listen_for_transfers_does_not_report_a_connection_that_placed_nothing`
  - Total: exactly six new tests.

- **Item 6: Gates** — **MET**
  - All five gates executed and passed clean.

---

### 2. Exact Output of the Five Gates

#### Gate 1: `cargo fmt --check`
```
$ cargo fmt --check
```
Exit code: `0` (clean, no output).

#### Gate 2: `cargo clippy --workspace --all-targets -- -D warnings`
```
$ cargo clippy --workspace --all-targets -- -D warnings
    Finished `dev` profile [unoptimized + debuginfo] target(s) in 0.25s
```
Exit code: `0`.

#### Gate 3: `cargo test --workspace`
```
$ cargo test --workspace
...
test result: ok. 28 passed; 0 failed; 0 ignored; 0 measured; 0 filtered out; finished in 0.09s
...
test result: ok. 3 passed; 0 failed; 0 ignored; 0 measured; 0 filtered out; finished in 0.02s
...
test result: ok. 1 passed; 0 failed; 0 ignored; 0 measured; 0 filtered out; finished in 0.01s
...
test result: ok. 7 passed; 0 failed; 0 ignored; 0 measured; 0 filtered out; finished in 0.02s
...
test result: ok. 8 passed; 0 failed; 0 ignored; 0 measured; 0 filtered out; finished in 0.00s
...
test result: ok. 9 passed; 0 failed; 0 ignored; 0 measured; 0 filtered out; finished in 0.00s
...
test result: ok. 10 passed; 0 failed; 0 ignored; 0 measured; 0 filtered out; finished in 0.00s
...
test result: ok. 4 passed; 0 failed; 0 ignored; 0 measured; 0 filtered out; finished in 0.01s
...
test result: ok. 7 passed; 0 failed; 0 ignored; 0 measured; 0 filtered out; finished in 0.00s
...
test result: ok. 9 passed; 0 failed; 0 ignored; 0 measured; 0 filtered out; finished in 0.00s
...
test result: ok. 2 passed; 0 failed; 0 ignored; 0 measured; 0 filtered out; finished in 0.00s
...
```
Exit code: `0`.

#### Gate 4: `sh ci/run-all.sh`
```
$ sh ci/run-all.sh
== comment-lang ==
== comment-lang: passed ==
== comment-length ==
== comment-length: passed ==
== doc-visibility ==
== doc-visibility: passed ==
== excuse-grep ==
== excuse-grep: passed ==
== invoke-commands ==
== invoke-commands: passed ==
== layer-deps ==
== layer-deps: passed ==
== plugin-permissions ==
== plugin-permissions: passed ==
== state-sync ==
== state-sync: passed ==
== hooks-executable ==
== hooks-executable: passed ==
== frontend-gate ==

> tradr@ lint /home/prokosna/dev/trader
> pnpm codegen && biome lint --error-on-warnings .


> tradr@ codegen /home/prokosna/dev/trader
> buf generate

Checked 25 files in 22ms. No fixes applied.

> tradr@ typecheck /home/prokosna/dev/trader
> pnpm codegen && tsc --build tsconfig.json


> tradr@ codegen /home/prokosna/dev/trader
> buf generate


> tradr@ format:check /home/prokosna/dev/trader
> biome format .

Checked 24 files in 17ms. No fixes applied.
== frontend-gate: passed ==
== discarded-result ==
== discarded-result: passed ==
== empty-catch ==
== empty-catch: passed ==
== frontend-console ==
== frontend-console: passed ==
```
Exit code: `0`.

#### Gate 5: `cargo clippy -p tauri-plugin-tradr --target aarch64-linux-android --all-targets -- -D warnings`
```
$ cargo clippy -p tauri-plugin-tradr --target aarch64-linux-android --all-targets -- -D warnings
    Finished `dev` profile [unoptimized + debuginfo] target(s) in 0.24s
```
Exit code: `0`.

---

### 3. Mutations and Test Results

#### Mutation 2: In `listen_for_transfers`, never call the callback
- **Killed by**: `listen_for_transfers_reports_each_placed_path`
- **Panic text**:
  ```
  thread 'listen_for_transfers_reports_each_placed_path' panicked at crates/tradr-app/tests/listener.rs:1687:5:
  assertion `left == right` failed
    left: 0
   right: 1
  ```

#### Mutation 3: In `OAuthConfig::new`, keep an empty string as `Some("")` instead of `None`
- **Killed by**: `oauth_config_new_empty_string_becomes_none` (also `oauth_config_new_whitespace_only_becomes_none`)
- **Panic text**:
  ```
  thread 'oauth_config_new_empty_string_becomes_none' panicked at crates/tradr-app/tests/sign_in.rs:212:5:
  assertion `left == right` failed
    left: Some("")
   right: None
  ```

#### Mutation 4: In `OAuthConfig::new`, store the untrimmed value
- **Killed by**: `oauth_config_new_trims_surrounding_whitespace` (also `oauth_config_new_whitespace_only_becomes_none`)
- **Panic text**:
  ```
  thread 'oauth_config_new_trims_surrounding_whitespace' panicked at crates/tradr-app/tests/sign_in.rs:232:5:
  assertion `left == right` failed
    left: Some("  client-id-123 \t ")
   right: Some("client-id-123")
  ```

---

### 4. Surviving Mutation (Finding)

#### Mutation 1: In `listen_for_transfers`, call the callback unconditionally, dropping the `!placed.is_empty()` guard
- **Surviving test**: `listen_for_transfers_does_not_report_a_connection_that_placed_nothing` remained green.
- **Finding explanation**:
  The test was constructed by copying `listen_for_transfers_reads_capabilities_fresh_per_connection` wholesale per DoD instructions. In that test, the peer completes the initial Hello handshake and then immediately drops its channels (`drop(peer_send)`, `drop(peer_recv)`, `drop(sender_chan)`). On the receiver side, `handle_incoming_channel` attempts to read subsequent frames or bi streams from the control stream, encounters EOF (`TransportError::Closed`), and returns `Err(ListenerError::Transport(...))`.
  In `listen_for_transfers`:
  ```rust
  match handle_incoming_channel(...).await {
      Ok(placed) => { ... }
      Err(e) => eprintln!("transfer failed: {e}"),
  }
  ```
  Because the connection terminates in `Err`, the loop enters the `Err` arm and never reaches `Ok(placed)`. Consequently, dropping the `!placed.is_empty()` guard inside the `Ok(placed)` arm does not cause the callback to be called for Hello-only connections that close abruptly, leaving the test passing.

---

### 5. Unrequested / Additional Actions

- Added `#[derive(Clone)]` to [`ProviderProfile`](file:///home/prokosna/dev/trader/crates/tradr-identity/src/attestation.rs#L29) in [`crates/tradr-identity/src/attestation.rs`](file:///home/prokosna/dev/trader/crates/tradr-identity/src/attestation.rs).
  - **Reason**: Definition of Done Item 3 explicitly specifies `PeerTrust::new(profile.clone(), Arc::new(HttpsJwksFetch))` in step 3, while step 6 requires `profile` (`obtain_id_token_desktop(&profile, &nonce)`). `ProviderProfile` did not previously implement `Clone`. All of its constituent fields are `Clone`, so adding the derive allows step 3 to clone `profile` without altering runtime semantics or design contracts.
